Unit 1: Convolutional Neural Networks (15 topics)
  - Architectures
  - convolution / pooling layers
  - LeNet
  - AlexNet
  - EfficientNet
  - VGGNet
  - GoogLeNet
  - ResNet
  - DenseNet
  - Regularization
  - Dropout
  - Early stopping
  - Dataset augmentation
  - Better weight initialization methods
  - Batch Normalization

Unit 2: Recurrent Neural Networks (2 topics)
  - Vanishing/exploding gradients in RNNs LSTM
  - GRU

Unit 3: Segmentation (10 topics)
  - SemanticSegmentation
  - Instance Segmentation
  - FCN
  - UnetObjectLocalization
  - Region
  - Proposal Networks
  - RCNN
  - RFCN
  - YOLO
  - Encoder Decoder Models

Unit 4: Advanced Deep Learning Concepts (9 topics)
  - Boltzmann machine
  - Auto encoder
  - Regularization in auto encoders
  - Denoising auto encoders
  - Sparse auto encoders Autoencoders
  - Variational Auto-encoders
  - Generative Adversarial Networks
  - Attention Mechanism
  - Attention over images and Transformer

